../Drivers/CMSIS/Include/core_cm4.h:2064:26:ITM_SendChar	16	static,ignoring_inline_asm
../Core/Src/main.c:76:6:stopMotors	8	static
../Core/Src/main.c:84:6:forward	8	static
../Core/Src/main.c:92:6:backward	8	static
../Core/Src/main.c:100:6:rotateLeft10	8	static
../Core/Src/main.c:110:6:rotateRight10	8	static
../Core/Src/main.c:125:5:main	8	static
../Core/Src/main.c:210:6:SystemClock_Config	88	static
../Core/Src/main.c:257:6:PeriphCommonClock_Config	104	static
../Core/Src/main.c:276:13:MX_TIM2_Init	64	static
../Core/Src/main.c:335:13:MX_TIM4_Init	64	static
../Core/Src/main.c:394:13:MX_USART2_UART_Init	8	static
../Core/Src/main.c:427:13:MX_GPIO_Init	48	static
../Core/Src/main.c:472:6:HAL_UART_RxCpltCallback	16	static
../Core/Src/main.c:485:5:_write	32	static
../Core/Src/main.c:502:6:Error_Handler	4	static,ignoring_inline_asm
